[0m15:12:09.078384 [debug] [MainThread]: Sending event: {'category': 'dbt', 'action': 'invocation', 'label': 'start', 'context': [<snowplow_tracker.self_describing_json.SelfDescribingJson object at 0x0000016DCC8AC790>, <snowplow_tracker.self_describing_json.SelfDescribingJson object at 0x0000016DCB7A7FD0>, <snowplow_tracker.self_describing_json.SelfDescribingJson object at 0x0000016DCC8ADDD0>]}


============================== 15:12:09.086205 | 0e6d9237-c6ee-490f-ba26-25293ba9e2c3 ==============================
[0m15:12:09.086205 [info ] [MainThread]: Running with dbt=1.10.13
[0m15:12:09.087203 [debug] [MainThread]: running dbt with arguments {'static_parser': 'True', 'no_print': 'None', 'version_check': 'True', 'warn_error_options': 'WarnErrorOptionsV2(error=[], warn=[], silence=[])', 'target_path': 'None', 'printer_width': '80', 'write_json': 'True', 'introspect': 'True', 'log_cache_events': 'False', 'empty': 'False', 'cache_selected_only': 'False', 'fail_fast': 'False', 'debug': 'False', 'log_format': 'default', 'profiles_dir': 'C:\\Users\\padma\\.dbt', 'send_anonymous_usage_stats': 'True', 'quiet': 'False', 'warn_error': 'None', 'partial_parse': 'True', 'use_colors': 'True', 'indirect_selection': 'eager', 'invocation_command': 'dbt run', 'use_experimental_parser': 'False', 'log_path': 'logs'}
[0m15:12:09.089227 [error] [MainThread]: Encountered an error:
Runtime Error
  No dbt_project.yml found at expected path C:\Users\padma\Desktop\CaseStudy\dbt_project.yml
  Verify that each entry within packages.yml (and their transitive dependencies) contains a file named dbt_project.yml
  
[0m15:12:09.090230 [debug] [MainThread]: Command `dbt run` failed at 15:12:09.090230 after 0.18 seconds
[0m15:12:09.091227 [debug] [MainThread]: Sending event: {'category': 'dbt', 'action': 'invocation', 'label': 'end', 'context': [<snowplow_tracker.self_describing_json.SelfDescribingJson object at 0x0000016DC3EEBC50>, <snowplow_tracker.self_describing_json.SelfDescribingJson object at 0x0000016DCC83A410>, <snowplow_tracker.self_describing_json.SelfDescribingJson object at 0x0000016DC3C1E3D0>]}
[0m15:12:09.092311 [debug] [MainThread]: Flushing usage events
[0m15:12:10.350138 [debug] [MainThread]: An error was encountered while trying to flush usage events
[0m15:13:01.789093 [debug] [MainThread]: Sending event: {'category': 'dbt', 'action': 'invocation', 'label': 'start', 'context': [<snowplow_tracker.self_describing_json.SelfDescribingJson object at 0x00000280D60B8810>, <snowplow_tracker.self_describing_json.SelfDescribingJson object at 0x00000280D6126050>, <snowplow_tracker.self_describing_json.SelfDescribingJson object at 0x00000280D6127750>]}


============================== 15:13:01.793062 | 59c884d3-bbc0-4aaa-aeff-5fbbb432a02f ==============================
[0m15:13:01.793062 [info ] [MainThread]: Running with dbt=1.10.13
[0m15:13:01.795069 [debug] [MainThread]: running dbt with arguments {'version_check': 'True', 'no_print': 'None', 'static_parser': 'True', 'target_path': 'None', 'warn_error_options': 'WarnErrorOptionsV2(error=[], warn=[], silence=[])', 'printer_width': '80', 'write_json': 'True', 'empty': 'False', 'log_cache_events': 'False', 'introspect': 'True', 'cache_selected_only': 'False', 'log_format': 'default', 'debug': 'False', 'fail_fast': 'False', 'partial_parse': 'True', 'send_anonymous_usage_stats': 'True', 'quiet': 'False', 'warn_error': 'None', 'profiles_dir': 'C:\\Users\\padma\\.dbt', 'use_colors': 'True', 'invocation_command': 'dbt run', 'indirect_selection': 'eager', 'use_experimental_parser': 'False', 'log_path': 'logs'}
[0m15:13:01.795069 [error] [MainThread]: Encountered an error:
Runtime Error
  No dbt_project.yml found at expected path C:\Users\padma\Desktop\CaseStudy\dbt_project.yml
  Verify that each entry within packages.yml (and their transitive dependencies) contains a file named dbt_project.yml
  
[0m15:13:01.795069 [debug] [MainThread]: Command `dbt run` failed at 15:13:01.795069 after 0.14 seconds
[0m15:13:01.797809 [debug] [MainThread]: Sending event: {'category': 'dbt', 'action': 'invocation', 'label': 'end', 'context': [<snowplow_tracker.self_describing_json.SelfDescribingJson object at 0x00000280D4248110>, <snowplow_tracker.self_describing_json.SelfDescribingJson object at 0x00000280D4E7F790>, <snowplow_tracker.self_describing_json.SelfDescribingJson object at 0x00000280CD50E5D0>]}
[0m15:13:01.797809 [debug] [MainThread]: Flushing usage events
[0m15:13:03.124724 [debug] [MainThread]: An error was encountered while trying to flush usage events
